// Jest Snapshot v1, https://goo.gl/fbAQLP

exports[`Players List Renders 1`] = `null`;
