// Jest Snapshot v1, https://goo.gl/fbAQLP

exports[`Tactic Selector Renders 1`] = `null`;
